88 (True, 0.0)
89 (True, 0.0)
90 (True, 0.0)
91 (True, 0.0)
92 (True, 0.0)
93 (True, 0.0)
94 (True, 0.0)
95 (True, 0.0)
96 (True, 0.0)
97 (False, 0.00390625)
98 (False, 0.00390625)
99 (False, 0.00390625)
100 (False, 0.00390625)
101 (False, 0.00634765625)
102 (False, 0.0068359375)
103 (False, 0.0048828125)
104 (False, 0.005859375)
105 (False, 0.00390625)
106 (False, 0.005859375)
107 (False, 0.0078125)
108 (False, 0.00604248046875)
109 (False, 0.005859375)
110 (False, 0.006591796875)
111 (False, 0.0068359375)
128 (False, 0.0068359375)
160 (False, 0.009765625)
192 (False, 0.01025390625)
256 (False, 0.005859375)
